// Jest Snapshot v1, https://goo.gl/fbAQLP

exports[`Pruebas en  <GifExpertApp /> Debe de mostrar una lista de categorias a√±adidas con los valores por defecto 1`] = `
<Fragment>
  <h2>
    GifExpertApp
  </h2>
  <AddCategory
    setCategories={[Function]}
  />
  <hr />
  <ul>
    <GifGrid
      category="One Punch"
      key="One Punch"
    />
    <GifGrid
      category="Dragon Ball"
      key="Dragon Ball"
    />
  </ul>
</Fragment>
`;

exports[`Pruebas en  <GifExpertApp /> Debe renderizarse correctamente 1`] = `
<Fragment>
  <h2>
    GifExpertApp
  </h2>
  <AddCategory
    setCategories={[Function]}
  />
  <hr />
  <ul />
</Fragment>
`;
